// Jest Snapshot v1, https://goo.gl/fbAQLP

exports[`<App/> tests renders properly 1`] = `ShallowWrapper {}`;

exports[`<App/> tests renders properly 2`] = `ReactWrapper {}`;
